// Jest Snapshot v1, https://goo.gl/fbAQLP

exports[`SVG Circle renders snapshot 1`] = `<circle />`;

exports[`SVG Line renders snapshot 1`] = `<line />`;

exports[`SVG Rect renders snapshot 1`] = `<rect />`;
