// Jest Snapshot v1, https://goo.gl/fbAQLP

exports[`SwitchX.native with default props renders snapshot 1`] = `null`;

exports[`SwitchX.native with isDisabled set to false renders snapshot 1`] = `null`;

exports[`SwitchX.native with isDisabled set to true renders snapshot 1`] = `null`;

exports[`SwitchX.native with isOn set to false renders snapshot 1`] = `null`;

exports[`SwitchX.native with isOn set to true renders snapshot 1`] = `null`;
