// Jest Snapshot v1, https://goo.gl/fbAQLP

exports[`View with no props renders snapshot 1`] = `null`;

exports[`View with style prop renders snapshot 1`] = `null`;
