// Jest Snapshot v1, https://goo.gl/fbAQLP

exports[`TextInput with no props renders snapshot 1`] = `null`;

exports[`TextInput with style prop renders snapshot 1`] = `null`;
