// Jest Snapshot v1, https://goo.gl/fbAQLP

exports[`Image with no props renders snapshot 1`] = `null`;

exports[`Image with style prop renders snapshot 1`] = `null`;
