// Jest Snapshot v1, https://goo.gl/fbAQLP

exports[`TextInput with no props renders snapshot 1`] = `
<input
  autoCapitalize="sentences"
  autoComplete="on"
  autoCorrect="on"
  className="rn-MozAppearance-97bpaa rn-appearance-30o5oe rn-backgroundColor-wib322 rn-borderTopColor-kqr9px rn-borderRightColor-q0dj5p rn-borderBottomColor-1ah7hsa rn-borderLeftColor-137uh4u rn-borderTopLeftRadius-ou6ah9 rn-borderTopRightRadius-t12b5v rn-borderBottomRightRadius-zmljjp rn-borderBottomLeftRadius-pm2fo rn-borderTopStyle-1efd50x rn-borderRightStyle-14skgim rn-borderBottomStyle-rull8r rn-borderLeftStyle-mm0ijv rn-borderTopWidth-13yce4e rn-borderRightWidth-fnigne rn-borderBottomWidth-ndvcnb rn-borderLeftWidth-gxnn5r rn-boxSizing-deolkf rn-color-homxoj rn-font-1lw9tu2 rn-paddingTop-wk8lta rn-paddingRight-9aemit rn-paddingBottom-1mdbw0j rn-paddingLeft-gy4na3 rn-resize-1dz5y72"
  dir="auto"
  onBlur={[Function]}
  onChange={[Function]}
  onFocus={[Function]}
  onKeyDown={[Function]}
  onKeyPress={[Function]}
  onSelect={[Function]}
  readOnly={false}
  spellCheck={true}
  type="text"
/>
`;

exports[`TextInput with style prop renders snapshot 1`] = `
<input
  autoCapitalize="sentences"
  autoComplete="on"
  autoCorrect="on"
  className="rn-MozAppearance-97bpaa rn-appearance-30o5oe rn-backgroundColor-wib322 rn-borderTopColor-kqr9px rn-borderRightColor-q0dj5p rn-borderBottomColor-1ah7hsa rn-borderLeftColor-137uh4u rn-borderTopLeftRadius-ou6ah9 rn-borderTopRightRadius-t12b5v rn-borderBottomRightRadius-zmljjp rn-borderBottomLeftRadius-pm2fo rn-borderTopStyle-1efd50x rn-borderRightStyle-14skgim rn-borderBottomStyle-rull8r rn-borderLeftStyle-mm0ijv rn-borderTopWidth-13yce4e rn-borderRightWidth-fnigne rn-borderBottomWidth-ndvcnb rn-borderLeftWidth-gxnn5r rn-boxSizing-deolkf rn-color-homxoj rn-font-1lw9tu2 rn-resize-1dz5y72"
  dir="auto"
  onBlur={[Function]}
  onChange={[Function]}
  onFocus={[Function]}
  onKeyDown={[Function]}
  onKeyPress={[Function]}
  onSelect={[Function]}
  readOnly={false}
  spellCheck={true}
  style={
    Object {
      "paddingBottom": "12px",
      "paddingLeft": "12px",
      "paddingRight": "12px",
      "paddingTop": "12px",
    }
  }
  type="text"
/>
`;
